Archive member included because of file (symbol)

/home/and2/projects/fsl-arm-yocto-bsp/build-fb/tmp/sysroots/imx6qpsabresd/usr/lib/arm-poky-linux-gnueabi/4.9.2/libgcc.a(_udivsi3.o)
                              arch/arm/cpu/armv7/built-in.o (__aeabi_uidiv)
/home/and2/projects/fsl-arm-yocto-bsp/build-fb/tmp/sysroots/imx6qpsabresd/usr/lib/arm-poky-linux-gnueabi/4.9.2/libgcc.a(_divsi3.o)
                              common/built-in.o (__aeabi_idiv)
/home/and2/projects/fsl-arm-yocto-bsp/build-fb/tmp/sysroots/imx6qpsabresd/usr/lib/arm-poky-linux-gnueabi/4.9.2/libgcc.a(_lshrdi3.o)
                              fs/built-in.o (__aeabi_llsr)
/home/and2/projects/fsl-arm-yocto-bsp/build-fb/tmp/sysroots/imx6qpsabresd/usr/lib/arm-poky-linux-gnueabi/4.9.2/libgcc.a(_ashldi3.o)
                              drivers/mmc/built-in.o (__aeabi_llsl)
/home/and2/projects/fsl-arm-yocto-bsp/build-fb/tmp/sysroots/imx6qpsabresd/usr/lib/arm-poky-linux-gnueabi/4.9.2/libgcc.a(_dvmd_lnx.o)
                              /home/and2/projects/fsl-arm-yocto-bsp/build-fb/tmp/sysroots/imx6qpsabresd/usr/lib/arm-poky-linux-gnueabi/4.9.2/libgcc.a(_udivsi3.o) (__aeabi_idiv0)

Discarded input sections

 .data          0x0000000000000000        0x0 arch/arm/cpu/armv7/start.o
 .bss           0x0000000000000000        0x0 arch/arm/cpu/armv7/start.o
 .text.v7_outer_cache_flush_all
                0x0000000000000000        0x4 arch/arm/cpu/armv7/built-in.o
 .text.v7_outer_cache_inval_all
                0x0000000000000000        0x4 arch/arm/cpu/armv7/built-in.o
 .text.v7_outer_cache_flush_range
                0x0000000000000000        0x4 arch/arm/cpu/armv7/built-in.o
 .text.v7_outer_cache_inval_range
                0x0000000000000000        0x4 arch/arm/cpu/armv7/built-in.o
 .text.v7_arch_cp15_set_l2aux_ctrl
                0x0000000000000000        0x8 arch/arm/cpu/armv7/built-in.o
 .text.v7_arch_cp15_set_acr
                0x0000000000000000        0x8 arch/arm/cpu/armv7/built-in.o
 .text.sdelay   0x0000000000000000        0xc arch/arm/cpu/armv7/built-in.o
 .text.wait_on_value
                0x0000000000000000       0x34 arch/arm/cpu/armv7/built-in.o
 .text.get_boot_device
                0x0000000000000000       0x9c arch/arm/cpu/armv7/built-in.o
 .text.set_arm_freq_400M
                0x0000000000000000       0x2c arch/arm/cpu/armv7/built-in.o
 .text.enable_enet_pll
                0x0000000000000000       0x68 arch/arm/cpu/armv7/built-in.o
 .text.enable_enet_clk
                0x0000000000000000       0x24 arch/arm/cpu/armv7/built-in.o
 .text.enable_uart_clk
                0x0000000000000000       0x24 arch/arm/cpu/armv7/built-in.o
 .text.enable_usdhc_clk
                0x0000000000000000       0x4c arch/arm/cpu/armv7/built-in.o
 .text.enable_spi_clk
                0x0000000000000000       0x44 arch/arm/cpu/armv7/built-in.o
 .text.enable_fec_anatop_clock
                0x0000000000000000       0x98 arch/arm/cpu/armv7/built-in.o
 .text.enable_sata_clock
                0x0000000000000000       0x1c arch/arm/cpu/armv7/built-in.o
 .text.disable_sata_clock
                0x0000000000000000       0x18 arch/arm/cpu/armv7/built-in.o
 .text.enable_pcie_clock
                0x0000000000000000       0x70 arch/arm/cpu/armv7/built-in.o
 .data          0x0000000000000000        0x0 arch/arm/cpu/armv7/built-in.o
 .bss           0x0000000000000000        0x0 arch/arm/cpu/armv7/built-in.o
 .text          0x0000000000000000        0x0 arch/arm/imx-common/built-in.o
 .text.get_imx_reset_cause
                0x0000000000000000       0x10 arch/arm/imx-common/built-in.o
 .text.set_chipselect_size
                0x0000000000000000       0x84 arch/arm/imx-common/built-in.o
 .text.mxs_wait_mask_set
                0x0000000000000000       0x40 arch/arm/imx-common/built-in.o
 .text.mxs_wait_mask_clr
                0x0000000000000000       0x3c arch/arm/imx-common/built-in.o
 .text.mxs_reset_block
                0x0000000000000000       0x90 arch/arm/imx-common/built-in.o
 .text.detect_hdmi
                0x0000000000000000       0x18 arch/arm/imx-common/built-in.o
 .text.usec2ticks
                0x0000000000000000       0x68 arch/arm/imx-common/built-in.o
 .data          0x0000000000000000        0x0 arch/arm/imx-common/built-in.o
 .bss           0x0000000000000000        0x0 arch/arm/imx-common/built-in.o
 .text.reset_misc
                0x0000000000000000        0x4 arch/arm/lib/built-in.o
 .text.flush_cache
                0x0000000000000000        0x4 arch/arm/lib/built-in.o
 .text.flush_dcache_all
                0x0000000000000000        0xc arch/arm/lib/built-in.o
 .text.enable_caches
                0x0000000000000000        0xc arch/arm/lib/built-in.o
 .text.arm_init_before_mmu
                0x0000000000000000        0x4 arch/arm/lib/built-in.o
 .text.mmu_page_table_flush
                0x0000000000000000        0x4 arch/arm/lib/built-in.o
 .rodata.pl310  0x0000000000000000        0x4 arch/arm/lib/built-in.o
[...]
Memory Configuration

Name             Origin             Length             Attributes
*default*        0x0000000000000000 0xffffffffffffffff

Linker script and memory map

Address of section .text set to 0x17800000
                0x0000000000000000                . = 0x0
                0x0000000000000000                . = ALIGN (0x4)

.text           0x0000000017800000    0x3bdac
 *(.__image_copy_start)
 .__image_copy_start
                0x0000000017800000        0x0 arch/arm/lib/built-in.o
                0x0000000017800000                __image_copy_start
 *(.vectors)
 .vectors       0x0000000017800000      0x300 arch/arm/lib/built-in.o
                0x0000000017800000                _start
                0x0000000017800020                _undefined_instruction
                0x0000000017800024                _software_interrupt
                0x0000000017800028                _prefetch_abort
                0x000000001780002c                _data_abort
                0x0000000017800030                _not_used
                0x0000000017800034                _irq
                0x0000000017800038                _fiq
                0x0000000017800040                IRQ_STACK_START_IN
 arch/arm/cpu/armv7/start.o(.text*)
 .text          0x0000000017800300       0xec arch/arm/cpu/armv7/start.o
                0x0000000017800300                reset
                0x0000000017800304                save_boot_params_ret
                0x0000000017800340                c_runtime_cpu_setup
                0x0000000017800350                save_boot_params
                0x0000000017800354                cpu_init_cp15
                0x00000000178003e4                cpu_init_crit
 *(.text*)
 .text          0x00000000178003ec       0x1c arch/arm/cpu/armv7/built-in.o
                0x00000000178003ec                lowlevel_init
 .text.v7_maint_dcache_all
                0x0000000017800408       0xd0 arch/arm/cpu/armv7/built-in.o
 .text.invalidate_icache_all
                0x00000000178004d8       0x18 arch/arm/cpu/armv7/built-in.o
                0x00000000178004d8                invalidate_icache_all
 .text.v7_outer_cache_enable
                0x00000000178004f0       0x6c arch/arm/cpu/armv7/built-in.o
                0x00000000178004f4                v7_outer_cache_enable
 .text.v7_outer_cache_disable
                0x000000001780055c       0x1c arch/arm/cpu/armv7/built-in.o
                0x0000000017800560                v7_outer_cache_disable
 .text.flush_dcache_all
                0x0000000017800578       0x14 arch/arm/cpu/armv7/built-in.o
                0x0000000017800578                flush_dcache_all
 .text.invalidate_dcache_all
                0x000000001780058c       0x14 arch/arm/cpu/armv7/built-in.o
                0x000000001780058c                invalidate_dcache_all
 .text.arm_init_before_mmu
                0x00000000178005a0       0x28 arch/arm/cpu/armv7/built-in.o
                0x00000000178005a0                arm_init_before_mmu
 .text.flush_dcache_range
                0x00000000178005c8       0x3c arch/arm/cpu/armv7/built-in.o
                0x00000000178005c8                flush_dcache_range
 .text.mmu_page_table_flush
                0x0000000017800604       0x24 arch/arm/cpu/armv7/built-in.o
                0x0000000017800604                mmu_page_table_flush
 .text.flush_cache
                0x0000000017800628        0x8 arch/arm/cpu/armv7/built-in.o
                0x0000000017800628                flush_cache
 .text.invalidate_dcache_range
                0x0000000017800630       0xac arch/arm/cpu/armv7/built-in.o
                0x0000000017800630                invalidate_dcache_range
 .text.cpu_cache_initialization
                0x00000000178006dc        0x4 arch/arm/cpu/armv7/built-in.o
                0x00000000178006dc                cpu_cache_initialization
 .text.cleanup_before_linux
                0x00000000178006e0       0x28 arch/arm/cpu/armv7/built-in.o
                0x00000000178006e0                cleanup_before_linux
 .text.get_nr_cpus
                0x0000000017800708       0x10 arch/arm/cpu/armv7/built-in.o
                0x0000000017800708                get_nr_cpus
 .text.get_cpu_rev
                0x0000000017800718       0x68 arch/arm/cpu/armv7/built-in.o
                0x0000000017800718                get_cpu_rev
 .text.get_board_rev
                0x0000000017800780       0x30 arch/arm/cpu/armv7/built-in.o
                0x0000000017800780                get_board_rev
 .text.init_aips
                0x00000000178007b0       0x58 arch/arm/cpu/armv7/built-in.o
                0x00000000178007b0                init_aips
 .text.arch_cpu_init
                0x0000000017800808      0x1a4 arch/arm/cpu/armv7/built-in.o
                0x0000000017800808                arch_cpu_init
 .text.board_postclk_init
                0x00000000178009ac       0x50 arch/arm/cpu/armv7/built-in.o
                0x00000000178009ac                board_postclk_init
 .text.enable_caches
                0x00000000178009fc       0x34 arch/arm/cpu/armv7/built-in.o
                0x00000000178009fc                enable_caches
 .text.imx_get_mac_from_fuse
                0x0000000017800a30       0x3c arch/arm/cpu/armv7/built-in.o
                0x0000000017800a30                imx_get_mac_from_fuse
 .text.boot_mode_apply
                0x0000000017800a6c       0x24 arch/arm/cpu/armv7/built-in.o
                0x0000000017800a6c                boot_mode_apply
 .text.s_init   0x0000000017800a90       0x88 arch/arm/cpu/armv7/built-in.o
                0x0000000017800a90                s_init
 .text.set_wdog_reset
                0x0000000017800b18       0x18 arch/arm/cpu/armv7/built-in.o
                0x0000000017800b18                set_wdog_reset
 .text.reset_misc
                0x0000000017800b30        0x4 arch/arm/cpu/armv7/built-in.o
                0x0000000017800b30                reset_misc
 .text.check_ldo_bypass
                0x0000000017800b34       0x78 arch/arm/cpu/armv7/built-in.o
                0x0000000017800b34                check_ldo_bypass
 .text.check_1_2G
                0x0000000017800bac       0x5c arch/arm/cpu/armv7/built-in.o
                0x0000000017800bac                check_1_2G
 .text.prep_anatop_bypass
                0x0000000017800c08       0x6c arch/arm/cpu/armv7/built-in.o
                0x0000000017800c08                prep_anatop_bypass
 .text.set_anatop_bypass
                0x0000000017800c74       0x50 arch/arm/cpu/armv7/built-in.o
                0x0000000017800c74                set_anatop_bypass
 .text.finish_anatop_bypass
                0x0000000017800cc4       0x24 arch/arm/cpu/armv7/built-in.o
                0x0000000017800cc4                finish_anatop_bypass
 .text.imx_enable_hdmi_phy
                0x0000000017800ce8       0x4c arch/arm/cpu/armv7/built-in.o
                0x0000000017800ce8                imx_enable_hdmi_phy
 .text.imx_setup_hdmi
                0x0000000017800d34       0x78 arch/arm/cpu/armv7/built-in.o
                0x0000000017800d34                imx_setup_hdmi
 .text.get_ipg_clk
                0x0000000017800dac       0x28 arch/arm/cpu/armv7/built-in.o
 .text.get_uart_clk
                0x0000000017800dd4       0x5c arch/arm/cpu/armv7/built-in.o
 .text.mxc_get_pll_pfd
                0x0000000017800e30       0xa0 arch/arm/cpu/armv7/built-in.o
 .text.get_usdhc_clk
                0x0000000017800ed0       0x90 arch/arm/cpu/armv7/built-in.o
 .text.enable_ocotp_clk
                0x0000000017800f60       0x24 arch/arm/cpu/armv7/built-in.o
                0x0000000017800f60                enable_ocotp_clk
 .text.enable_usboh3_clk
                0x0000000017800f84       0x24 arch/arm/cpu/armv7/built-in.o
                0x0000000017800f84                enable_usboh3_clk
 .text.enable_i2c_clk
                0x0000000017800fa8       0x48 arch/arm/cpu/armv7/built-in.o
                0x0000000017800fa8                enable_i2c_clk
 .text.get_periph_clk
                0x0000000017800ff0       0xdc arch/arm/cpu/armv7/built-in.o
                0x0000000017800ff0                get_periph_clk
 .text.get_axi_clk
                0x00000000178010cc       0x4c arch/arm/cpu/armv7/built-in.o
 .text.imx_get_uartclk
                0x0000000017801118        0x4 arch/arm/cpu/armv7/built-in.o
                0x0000000017801118                imx_get_uartclk
 .text.enable_thermal_clk
                0x000000001780111c       0x48 arch/arm/cpu/armv7/built-in.o
                0x000000001780111c                enable_thermal_clk
 .text.mxc_get_clock
                0x0000000017801164      0x1e4 arch/arm/cpu/armv7/built-in.o
                0x0000000017801164                mxc_get_clock
 .text.imx_get_fecclk
                0x0000000017801348        0x8 arch/arm/cpu/armv7/built-in.o
                0x0000000017801348                imx_get_fecclk
 .text.do_mx6_showclocks
                0x0000000017801350      0x230 arch/arm/cpu/armv7/built-in.o
                0x0000000017801350                do_mx6_showclocks
 .text.enable_ipu_clock
                0x0000000017801580       0x68 arch/arm/cpu/armv7/built-in.o
                0x0000000017801580                enable_ipu_clock
 .text.cpu_reset
                0x00000000178015e8       0x28 arch/arm/cpu/armv7/built-in.o
                0x00000000178015e8                cpu_reset
 .text.cpu_status
                0x0000000017801610       0x40 arch/arm/cpu/armv7/built-in.o
                0x0000000017801610                cpu_status
 .text.cpu_release
                0x0000000017801650       0x80 arch/arm/cpu/armv7/built-in.o
                0x0000000017801650                cpu_release
 .text.is_core_valid
                0x00000000178016d0       0x1c arch/arm/cpu/armv7/built-in.o
                0x00000000178016d0                is_core_valid
 .text.cpu_disable
                0x00000000178016ec       0x28 arch/arm/cpu/armv7/built-in.o
                0x00000000178016ec                cpu_disable
 .text.imx_iomux_v3_setup_pad
                0x0000000017801714       0xb0 arch/arm/imx-common/built-in.o
                0x0000000017801714                imx_iomux_v3_setup_pad
 .text.imx_iomux_v3_setup_multiple_pads
                0x00000000178017c4       0x2c arch/arm/imx-common/built-in.o
                0x00000000178017c4                imx_iomux_v3_setup_multiple_pads
 .text.imx_iomux_set_gpr_register
                0x00000000178017f0       0x3c arch/arm/imx-common/built-in.o
                0x00000000178017f0                imx_iomux_set_gpr_register
 .text.imx_ddr_size
                0x000000001780182c       0x64 arch/arm/imx-common/built-in.o
                0x000000001780182c                imx_ddr_size
 .text.get_imx_type
                0x0000000017801890       0x20 arch/arm/imx-common/built-in.o
                0x0000000017801890                get_imx_type
 .text.print_cpuinfo
                0x00000000178018b0      0x1d8 arch/arm/imx-common/built-in.o
                0x00000000178018b0                print_cpuinfo
 .text.cpu_eth_init
                0x0000000017801a88        0x4 arch/arm/imx-common/built-in.o
                0x0000000017801a88                cpu_eth_init
 .text.cpu_mmc_init
                0x0000000017801a8c        0x4 arch/arm/imx-common/built-in.o
                0x0000000017801a8c                cpu_mmc_init
 .text.get_ahb_clk
                0x0000000017801a90       0x24 arch/arm/imx-common/built-in.o
                0x0000000017801a90                get_ahb_clk
 .text.arch_preboot_os
                0x0000000017801ab4       0x14 arch/arm/imx-common/built-in.o
                0x0000000017801ab4                arch_preboot_os
 .text.get_clocks
                0x0000000017801ac8       0x1c arch/arm/imx-common/built-in.o
                0x0000000017801ac8                get_clocks
 .text.force_idle_bus
                0x0000000017801ae4      0x1c4 arch/arm/imx-common/built-in.o
 .text.setup_i2c
                0x0000000017801ca8       0xe4 arch/arm/imx-common/built-in.o
                0x0000000017801ca8                setup_i2c
 .text.board_video_skip
                0x0000000017801d8c      0x170 arch/arm/imx-common/built-in.o
                0x0000000017801d8c                board_video_skip
 .text.timer_init
                0x0000000017801efc      0x13c arch/arm/imx-common/built-in.o
                0x0000000017801efc                timer_init
 .text.get_ticks
                0x0000000017802038       0x44 arch/arm/imx-common/built-in.o
                0x0000000017802038                get_ticks
 .text.get_timer_masked
                0x000000001780207c       0xf0 arch/arm/imx-common/built-in.o
                0x000000001780207c                get_timer_masked
 .text.get_timer
                0x000000001780216c       0x14 arch/arm/imx-common/built-in.o
                0x000000001780216c                get_timer
 .text.__udelay
                0x0000000017802180      0x128 arch/arm/imx-common/built-in.o
                0x0000000017802180                __udelay
 .text.get_tbclk
                0x00000000178022a8       0x94 arch/arm/imx-common/built-in.o
                0x00000000178022a8                get_tbclk
 .text.create_usage
                0x000000001780233c       0xa0 arch/arm/imx-common/built-in.o
 .text.do_boot_mode
                0x00000000178023dc       0xcc arch/arm/imx-common/built-in.o
 .text.add_board_boot_modes
                0x00000000178024a8       0x60 arch/arm/imx-common/built-in.o
                0x00000000178024a8                add_board_boot_modes
 .text          0x0000000017802508       0xa8 arch/arm/lib/built-in.o
                0x0000000017802508                _main
 .text.relocate_vectors
                0x00000000178025b0       0x70 arch/arm/lib/built-in.o
                0x00000000178025b0                relocate_vectors
                0x00000000178025bc                relocate_code
 .text.arch_fixup_fdt
                0x0000000017802620       0x38 arch/arm/lib/built-in.o
                0x0000000017802620                arch_fixup_fdt
 .text.boot_jump_linux
                0x0000000017802658       0xb8 arch/arm/lib/built-in.o
 .text.arch_lmb_reserve
                0x0000000017802710       0x24 arch/arm/lib/built-in.o
                0x0000000017802710                arch_lmb_reserve
 .text.setup_board_tags
                0x0000000017802734        0x4 arch/arm/lib/built-in.o
                0x0000000017802734                setup_board_tags
 .text.boot_prep_linux
                0x0000000017802738      0x194 arch/arm/lib/built-in.o
 .text.do_bootm_linux
                0x00000000178028cc       0x5c arch/arm/lib/built-in.o
                0x00000000178028cc                do_bootm_linux
 .text.bootz_setup
                0x0000000017802928       0x60 arch/arm/lib/built-in.o
                0x0000000017802928                bootz_setup
 .text.boot_prep_vxworks
                0x0000000017802988       0x50 arch/arm/lib/built-in.o
                0x0000000017802988                boot_prep_vxworks
 .text.boot_jump_vxworks
                0x00000000178029d8        0xc arch/arm/lib/built-in.o
                0x00000000178029d8                boot_jump_vxworks
 .text.pl310_background_op_all_ways
                0x00000000178029e4       0x38 arch/arm/lib/built-in.o
 .text.v7_outer_cache_inval_all
                0x0000000017802a1c        0xc arch/arm/lib/built-in.o
                0x0000000017802a1c                v7_outer_cache_inval_all
 .text.v7_outer_cache_flush_all
                0x0000000017802a28        0xc arch/arm/lib/built-in.o
                0x0000000017802a28                v7_outer_cache_flush_all
 .text.v7_outer_cache_flush_range
                0x0000000017802a34       0x30 arch/arm/lib/built-in.o
                0x0000000017802a34                v7_outer_cache_flush_range
 .text.v7_outer_cache_inval_range
                0x0000000017802a64       0x80 arch/arm/lib/built-in.o
                0x0000000017802a64                v7_outer_cache_inval_range
 .text.arch_reserve_stacks
                0x0000000017802ae4       0x1c arch/arm/lib/built-in.o
                0x0000000017802ae4                arch_reserve_stacks
 .text.interrupt_init
                0x0000000017802b00       0x1c arch/arm/lib/built-in.o
                0x0000000017802b00                interrupt_init
 .text.enable_interrupts
                0x0000000017802b1c        0x4 arch/arm/lib/built-in.o
                0x0000000017802b1c                enable_interrupts
 .text.disable_interrupts
                0x0000000017802b20        0x8 arch/arm/lib/built-in.o
                0x0000000017802b20                disable_interrupts
 .text.bad_mode
                0x0000000017802b28       0x10 arch/arm/lib/built-in.o
                0x0000000017802b28                bad_mode
 .text.show_regs
                0x0000000017802b38      0x174 arch/arm/lib/built-in.o
                0x0000000017802b38                show_regs
 .text.do_undefined_instruction
                0x0000000017802cac       0x20 arch/arm/lib/built-in.o
                0x0000000017802cac                do_undefined_instruction
 .text.do_software_interrupt
                0x0000000017802ccc       0x20 arch/arm/lib/built-in.o
                0x0000000017802ccc                do_software_interrupt
 .text.do_prefetch_abort
                0x0000000017802cec       0x20 arch/arm/lib/built-in.o
                0x0000000017802cec                do_prefetch_abort
 .text.do_data_abort
                0x0000000017802d0c       0x20 arch/arm/lib/built-in.o
                0x0000000017802d0c                do_data_abort
 .text.do_not_used
                0x0000000017802d2c       0x20 arch/arm/lib/built-in.o
                0x0000000017802d2c                do_not_used
 .text.do_fiq   0x0000000017802d4c       0x20 arch/arm/lib/built-in.o
                0x0000000017802d4c                do_fiq
 .text.do_irq   0x0000000017802d6c       0x20 arch/arm/lib/built-in.o
                0x0000000017802d6c                do_irq
 .text.do_reset
                0x0000000017802d8c       0x30 arch/arm/lib/built-in.o
                0x0000000017802d8c                do_reset
 .text.cp_delay
                0x0000000017802dbc       0x30 arch/arm/lib/built-in.o
 .text.cache_disable
                0x0000000017802dec       0x50 arch/arm/lib/built-in.o
 .text.arm_init_domains
                0x0000000017802e3c        0x4 arch/arm/lib/built-in.o
                0x0000000017802e3c                arm_init_domains
 .text.set_section_dcache
                0x0000000017802e40       0x14 arch/arm/lib/built-in.o
                0x0000000017802e40                set_section_dcache
 .text.mmu_set_region_dcache_behaviour
                0x0000000017802e54       0x50 arch/arm/lib/built-in.o
                0x0000000017802e54                mmu_set_region_dcache_behaviour
 .text.dram_bank_mmu_setup
                0x0000000017802ea4       0x44 arch/arm/lib/built-in.o
                0x0000000017802ea4                dram_bank_mmu_setup
 .text.icache_enable
                0x0000000017802ee8       0x18 arch/arm/lib/built-in.o
                0x0000000017802ee8                icache_enable
 .text.icache_disable
                0x0000000017802f00        0x8 arch/arm/lib/built-in.o
                0x0000000017802f00                icache_disable
 .text.icache_status
                0x0000000017802f08        0xc arch/arm/lib/built-in.o
                0x0000000017802f08                icache_status
 .text.dcache_enable
                0x0000000017802f14       0x6c arch/arm/lib/built-in.o
                0x0000000017802f14                dcache_enable
 .text.dcache_disable
                0x0000000017802f80        0x8 arch/arm/lib/built-in.o
                0x0000000017802f80                dcache_disable
 .text.dcache_status
                0x0000000017802f88        0xc arch/arm/lib/built-in.o
                0x0000000017802f88                dcache_status
 .text.pfuze_mode_init
                0x0000000017802f94       0xa0 board/freescale/common/built-in.o
                0x0000000017802f94                pfuze_mode_init
 .text.pfuze_common_init
                0x0000000017803034      0x10c board/freescale/common/built-in.o
                0x0000000017803034                pfuze_common_init
 .text.enable_lvds
                0x0000000017803140       0x14 board/freescale/mx6sabresd/built-in.o
 .text.enable_rgb
                0x0000000017803154       0x24 board/freescale/mx6sabresd/built-in.o
 .text.do_enable_hdmi
                0x0000000017803178       0x18 board/freescale/mx6sabresd/built-in.o
 .text.dram_init
                0x0000000017803190       0x18 board/freescale/mx6sabresd/built-in.o
                0x0000000017803190                dram_init
 .text.mmc_get_env_devno
                0x00000000178031a8       0x24 board/freescale/mx6sabresd/built-in.o
                0x00000000178031a8                mmc_get_env_devno
 .text.board_mmc_getcd
                0x00000000178031cc       0x60 board/freescale/mx6sabresd/built-in.o
                0x00000000178031cc                board_mmc_getcd
 .text.board_mmc_init
                0x000000001780322c       0xb8 board/freescale/mx6sabresd/built-in.o
                0x000000001780322c                board_mmc_init
 .text.check_mmc_autodetect
                0x00000000178032e4       0x38 board/freescale/mx6sabresd/built-in.o
                0x00000000178032e4                check_mmc_autodetect
 .text.board_late_mmc_env_init
                0x000000001780331c       0x78 board/freescale/mx6sabresd/built-in.o
                0x000000001780331c                board_late_mmc_env_init
 .text.mx6_rgmii_rework
                0x0000000017803394      0x110 board/freescale/mx6sabresd/built-in.o
                0x0000000017803394                mx6_rgmii_rework
 .text.board_phy_config
                0x00000000178034a4       0x2c board/freescale/mx6sabresd/built-in.o
                0x00000000178034a4                board_phy_config
 .text.overwrite_console
                0x00000000178034d0        0x8 board/freescale/mx6sabresd/built-in.o
                0x00000000178034d0                overwrite_console
 .text.board_eth_init
                0x00000000178034d8       0x54 board/freescale/mx6sabresd/built-in.o
                0x00000000178034d8                board_eth_init
 .text.board_ehci_hcd_init
                0x000000001780352c       0x28 board/freescale/mx6sabresd/built-in.o
                0x000000001780352c                board_ehci_hcd_init
 .text.board_ehci_power
                0x0000000017803554       0x4c board/freescale/mx6sabresd/built-in.o
                0x0000000017803554                board_ehci_power
 .text.board_early_init_f
                0x00000000178035a0       0x8c board/freescale/mx6sabresd/built-in.o
                0x00000000178035a0                board_early_init_f
 .text.board_init
                0x000000001780362c       0x6c board/freescale/mx6sabresd/built-in.o
                0x000000001780362c                board_init
 .text.power_init_board
                0x0000000017803698      0x260 board/freescale/mx6sabresd/built-in.o
                0x0000000017803698                power_init_board
 .text.ldo_mode_set
                0x00000000178038f8      0x2a8 board/freescale/mx6sabresd/built-in.o
                0x00000000178038f8                ldo_mode_set
 .text.board_late_init
                0x0000000017803ba0       0x1c board/freescale/mx6sabresd/built-in.o
                0x0000000017803ba0                board_late_init
 .text.checkboard
                0x0000000017803bbc       0x18 board/freescale/mx6sabresd/built-in.o
                0x0000000017803bbc                checkboard
 .text.show_boot_progress
                0x0000000017803bd4        0x4 common/built-in.o
                0x0000000017803bd4                show_boot_progress
 .text.main_loop
                0x0000000017803bd8       0x20 common/built-in.o
                0x0000000017803bd8                main_loop
 .text.dummy    0x0000000017803bf8        0x4 common/built-in.o
 .text.get_version
                0x0000000017803bfc        0x8 common/built-in.o
                0x0000000017803bfc                get_version
 .text.jumptable_init
                0x0000000017803c04      0x1c0 common/built-in.o
                0x0000000017803c04                jumptable_init
 .text.hash_command
                0x0000000017803dc4       0xb4 common/built-in.o
                0x0000000017803dc4                hash_command
 .text.b_reset  0x0000000017803e78       0x1c common/built-in.o
 .text.static_get
                0x0000000017803e94       0x1c common/built-in.o
 .text.static_peek
                0x0000000017803eb0        0xc common/built-in.o
 .text.file_peek
                0x0000000017803ebc        0xc common/built-in.o
 .text.mapset   0x0000000017803ec8       0x20 common/built-in.o
 .text.syntax_err
                0x0000000017803ee8        0xc common/built-in.o
 .text.free_pipe_list
                0x0000000017803ef4       0xf0 common/built-in.o
 .text.xmalloc  0x0000000017803fe4       0x20 common/built-in.o
 .text.new_pipe
                0x0000000017804004       0x28 common/built-in.o
 .text.xrealloc
                0x000000001780402c       0x20 common/built-in.o
 .text.done_command
                0x000000001780404c       0x88 common/built-in.o
 .text.done_pipe
                0x00000000178040d4       0x48 common/built-in.o
 .text.done_word
                0x000000001780411c      0x2d8 common/built-in.o
 .text.do_showvar
                0x00000000178043f4       0xfc common/built-in.o
 .text.is_assignment
                0x00000000178044f0       0x5c common/built-in.o
 .text.file_get
                0x000000001780454c      0x1ec common/built-in.o
 .text.b_addchr
                0x0000000017804738       0x78 common/built-in.o
 .text.b_addqchr
                0x00000000178047b0       0x50 common/built-in.o
 .text.get_local_var
                0x0000000017804800       0xa0 common/built-in.o
                0x0000000017804800                get_local_var
 .text.set_local_var
                0x00000000178048a0      0x1ac common/built-in.o
                0x00000000178048a0                set_local_var
 .text.insert_var_value_sub
                0x0000000017804a4c      0x2c0 common/built-in.o
 .text.parse_string_outer
                0x0000000017804d0c       0xe4 common/built-in.o
                0x0000000017804d0c                parse_string_outer
 .text.run_list_real
                0x0000000017804df0      0x7e4 common/built-in.o
 .text.parse_stream_outer
                0x00000000178055d4      0x6d4 common/built-in.o
 .text.parse_file_outer
                0x0000000017805ca8       0x44 common/built-in.o
                0x0000000017805ca8                parse_file_outer
 .text.u_boot_hush_start
                0x0000000017805cec       0x54 common/built-in.o
                0x0000000017805cec                u_boot_hush_start
 .text.bootdelay_process
                0x0000000017805d40       0xd0 common/built-in.o
                0x0000000017805d40                bootdelay_process
 .text.autoboot_command
                0x0000000017805e10       0xd0 common/built-in.o
                0x0000000017805e10                autoboot_command
 .text.display_text_info
                0x0000000017805ee0        0x8 common/built-in.o
 .text.setup_mon_len
                0x0000000017805ee8       0x20 common/built-in.o
 .text.setup_fdt
                0x0000000017805f08        0x8 common/built-in.o
 .text.reserve_round_4k
                0x0000000017805f10       0x18 common/built-in.o
 .text.reserve_mmu
                0x0000000017805f28       0x38 common/built-in.o
 .text.reserve_trace
                0x0000000017805f60        0x8 common/built-in.o
 .text.reserve_uboot
                0x0000000017805f68       0x30 common/built-in.o
 .text.reserve_malloc
                0x0000000017805f98       0x18 common/built-in.o
 .text.setup_machine
                0x0000000017805fb0       0x14 common/built-in.o
 .text.reserve_global_data
                0x0000000017805fc4       0x1c common/built-in.o
 .text.reserve_fdt
                0x0000000017805fe0       0x4c common/built-in.o
 .text.display_new_sp
                0x000000001780602c        0x8 common/built-in.o
 .text.initf_malloc
                0x0000000017806034       0x1c common/built-in.o
 .text.reserve_arch
                0x0000000017806050        0x8 common/built-in.o
                0x0000000017806050                reserve_arch
 .text.setup_reloc
                0x0000000017806058       0x28 common/built-in.o
 .text.reloc_fdt
                0x0000000017806080       0x30 common/built-in.o
 .text.announce_dram_init
                0x00000000178060b0       0x18 common/built-in.o
 .text.init_func_i2c
                0x00000000178060c8       0x28 common/built-in.o
 .text.init_baud_rate
                0x00000000178060f0       0x2c common/built-in.o
 .text.initf_dm
                0x000000001780611c        0x8 common/built-in.o
 .text.mark_bootstage
                0x0000000017806124       0x14 common/built-in.o
 .text.reserve_board
                0x0000000017806138       0x38 common/built-in.o
 .text.coloured_LED_init
                0x0000000017806170        0x4 common/built-in.o
                0x0000000017806170                coloured_LED_init
 .text.red_led_on
                0x0000000017806174        0x4 common/built-in.o
                0x0000000017806174                red_led_on
 .text.board_add_ram_info
                0x0000000017806178        0x4 common/built-in.o
                0x0000000017806178                board_add_ram_info
 .text.show_dram_config
                0x000000001780617c       0x38 common/built-in.o
 .text.dram_init_banksize
                0x00000000178061b4       0x20 common/built-in.o
                0x00000000178061b4                dram_init_banksize
 .text.setup_dram_config
                0x00000000178061d4       0x10 common/built-in.o
 .text.board_get_usable_ram_top
                0x00000000178061e4       0x14 common/built-in.o
                0x00000000178061e4                board_get_usable_ram_top
 .text.setup_dest_addr
                0x00000000178061f8       0x3c common/built-in.o
 .text.reserve_stacks
                0x0000000017806234       0x1c common/built-in.o
 .text.board_init_f
                0x0000000017806250       0x28 common/built-in.o
                0x0000000017806250                board_init_f
 .text.bootstage_relocate
                0x0000000017806278        0x8 common/built-in.o
 .text.initr_trace
                0x0000000017806280        0x8 common/built-in.o
 .text.initr_reloc_global_data
                0x0000000017806288       0x28 common/built-in.o
 .text.initr_barrier
                0x00000000178062b0        0x8 common/built-in.o
 .text.initr_announce
                0x00000000178062b8        0x8 common/built-in.o
 .text.run_main_loop
                0x00000000178062c0        0xc common/built-in.o
 .text.initr_net
                0x00000000178062cc       0x20 common/built-in.o
 .text.initr_ethaddr
                0x00000000178062ec       0x20 common/built-in.o
 .text.initr_enable_interrupts
                0x000000001780630c       0x10 common/built-in.o
 .text.initr_jumptable
                0x000000001780631c       0x10 common/built-in.o
 .text.initr_env
                0x000000001780632c       0x30 common/built-in.o
 .text.initr_mmc
                0x000000001780635c       0x20 common/built-in.o
 .text.initr_serial
                0x000000001780637c       0x10 common/built-in.o
 .text.initr_dm
                0x000000001780638c       0x14 common/built-in.o
 .text.initr_malloc
                0x00000000178063a0       0x24 common/built-in.o
 .text.initr_caches
                0x00000000178063c4       0x10 common/built-in.o
 .text.initr_reloc
                0x00000000178063d4       0x24 common/built-in.o
 .text.cpu_secondary_init_r
                0x00000000178063f8        0x4 common/built-in.o
                0x00000000178063f8                cpu_secondary_init_r
 .text.initr_secondary_cpu
                0x00000000178063fc       0x10 common/built-in.o
 .text.board_init_r
                0x000000001780640c       0x14 common/built-in.o
                0x000000001780640c                board_init_r
 .text.show_board_info
                0x0000000017806420        0x4 common/built-in.o
                0x0000000017806420                show_board_info
 .text.do_go_exec
                0x0000000017806424       0x10 common/built-in.o
                0x0000000017806424                do_go_exec
 .text.do_go    0x0000000017806434       0x6c common/built-in.o
 .text.do_bootm
                0x00000000178064a0      0x118 common/built-in.o
                0x00000000178064a0                do_bootm
 .text.do_bootd
                0x00000000178065b8       0x20 common/built-in.o
                0x00000000178065b8                do_bootd
 .text.image_info
                0x00000000178065d8       0xcc common/built-in.o
 .text.do_iminfo
                0x00000000178066a4       0x60 common/built-in.o
 .text.bootm_maybe_autostart
                0x0000000017806704       0x78 common/built-in.o
                0x0000000017806704                bootm_maybe_autostart
 .text.do_bootz
                0x000000001780677c       0xf8 common/built-in.o
                0x000000001780677c                do_bootz
 .text.bootm_find_ramdisk_fdt
                0x0000000017806874       0xa8 common/built-in.o
                0x0000000017806874                bootm_find_ramdisk_fdt
 .text.bootm_decomp_image
                0x000000001780691c      0x150 common/built-in.o
                0x000000001780691c                bootm_decomp_image
 .text.bootm_disable_interrupts
                0x0000000017806a6c       0x18 common/built-in.o
                0x0000000017806a6c                bootm_disable_interrupts
 .text.do_bootm_states
                0x0000000017806a84      0x74c common/built-in.o
                0x0000000017806a84                do_bootm_states
 .text.copy_args
                0x00000000178071d0       0x50 common/built-in.o
 .text.do_bootm_rtems
                0x0000000017807220       0x40 common/built-in.o
 .text.do_bootm_plan9
                0x0000000017807260       0xa4 common/built-in.o
 .text.do_bootm_standalone
                0x0000000017807304       0x64 common/built-in.o
 .text.do_bootm_netbsd
                0x0000000017807368       0xf8 common/built-in.o
 .text.do_bootvx_fdt
                0x0000000017807460      0x10c common/built-in.o
                0x0000000017807460                do_bootvx_fdt
 .text.do_bootm_vxworks
                0x000000001780756c       0x24 common/built-in.o
 .text.boot_selected_os
                0x0000000017807590       0x58 common/built-in.o
                0x0000000017807590                boot_selected_os
 .text.bootm_os_get_boot_func
                0x00000000178075e8       0x10 common/built-in.o
                0x00000000178075e8                bootm_os_get_boot_func
 .text.do_help  0x00000000178075f8       0x48 common/built-in.o
 .text.do_version
                0x0000000017807640       0x38 common/built-in.o
 .text.env_attr_walk
                0x0000000017807678      0x114 common/built-in.o
                0x0000000017807678                env_attr_walk
 .text.env_attr_lookup
                0x000000001780778c      0x18c common/built-in.o
                0x000000001780778c                env_attr_lookup
 .text.clear_callback
                0x0000000017807918       0x10 common/built-in.o
 .text.find_env_callback
                0x0000000017807928       0x68 common/built-in.o
 .text.on_callbacks
                0x0000000017807990       0x48 common/built-in.o
 .text.set_callback
                0x00000000178079d8       0x94 common/built-in.o
 .text.env_callback_init
                0x0000000017807a6c       0xc4 common/built-in.o
                0x0000000017807a6c                env_callback_init
 .text.skip_num
                0x0000000017807b30       0x70 common/built-in.o
 .text.clear_flags
                0x0000000017807ba0       0x10 common/built-in.o
 .text.on_flags
                0x0000000017807bb0       0x48 common/built-in.o
 .text.env_flags_parse_vartype
                0x0000000017807bf8       0x50 common/built-in.o
                0x0000000017807bf8                env_flags_parse_vartype
 .text.env_flags_parse_varaccess
                0x0000000017807c48       0x58 common/built-in.o
                0x0000000017807c48                env_flags_parse_varaccess
 .text.set_flags
                0x0000000017807ca0       0xac common/built-in.o
 .text.env_flags_init
                0x0000000017807d4c       0xd8 common/built-in.o
                0x0000000017807d4c                env_flags_init
 .text.env_flags_validate
                0x0000000017807e24      0x324 common/built-in.o
                0x0000000017807e24                env_flags_validate
 .text.mmc_get_env_addr
                0x0000000017808148       0x10 common/built-in.o
                0x0000000017808148                mmc_get_env_addr
 .text.env_init
                0x0000000017808158       0x1c common/built-in.o
                0x0000000017808158                env_init
 .text.mmc_get_env_part
                0x0000000017808174        0x8 common/built-in.o
                0x0000000017808174                mmc_get_env_part
 .text.init_mmc_for_env
                0x000000001780817c       0x78 common/built-in.o
 .text.fini_mmc_for_env
                0x00000000178081f4       0x30 common/built-in.o
 .text.saveenv  0x0000000017808224      0x10c common/built-in.o
                0x0000000017808224                saveenv
 .text.env_relocate_spec
                0x0000000017808330       0xe0 common/built-in.o
                0x0000000017808330                env_relocate_spec
 .text.source   0x0000000017808410       0xd8 common/built-in.o
                0x0000000017808410                source
 .text.do_source
                0x00000000178084e8       0x44 common/built-in.o
 .text.print_num
                0x000000001780852c       0x18 common/built-in.o
 .text.do_bdinfo
                0x0000000017808544      0x18c common/built-in.o
 .text.parse_argv
                0x00000000178086d0       0x64 common/built-in.o
 .text.do_icache
                0x0000000017808734       0x88 common/built-in.o
 .text.do_dcache
                0x00000000178087bc       0x88 common/built-in.o
 .text.do_coninfo
                0x0000000017808844       0xbc common/built-in.o
 .text.do_echo  0x0000000017808900       0xb0 common/built-in.o
 .text.do_exit  0x00000000178089b0       0x30 common/built-in.o
 .text.do_ext4_size
                0x00000000178089e0       0x18 common/built-in.o
                0x00000000178089e0                do_ext4_size
 .text.do_ext4_load
                0x00000000178089f8       0x18 common/built-in.o
                0x00000000178089f8                do_ext4_load
 .text.do_ext4_ls
                0x0000000017808a10       0x18 common/built-in.o
                0x0000000017808a10                do_ext4_ls
 .text.do_ext4_write
                0x0000000017808a28       0x18 common/built-in.o
                0x0000000017808a28                do_ext4_write
 .text.do_ext2load
                0x0000000017808a40       0x18 common/built-in.o
                0x0000000017808a40                do_ext2load
 .text.do_ext2ls
                0x0000000017808a58       0x18 common/built-in.o
 .text.do_fat_size
                0x0000000017808a70       0x18 common/built-in.o
                0x0000000017808a70                do_fat_size
 .text.do_fat_fsload
                0x0000000017808a88       0x18 common/built-in.o
                0x0000000017808a88                do_fat_fsload
 .text.do_fat_ls
                0x0000000017808aa0       0x18 common/built-in.o
 .text.do_fat_fsinfo
                0x0000000017808ab8       0x90 common/built-in.o
 .text.fdt_valid
                0x0000000017808b48       0xbc common/built-in.o
 .text.is_printable_string
                0x0000000017808c04       0x98 common/built-in.o
 .text.print_data
                0x0000000017808c9c      0x174 common/built-in.o
 .text.set_working_fdt_addr
                0x0000000017808e10       0x1c common/built-in.o
                0x0000000017808e10                set_working_fdt_addr
 .text.do_fdt   0x0000000017808e2c      0xe90 common/built-in.o
 .text.fdt_find_and_setprop
                0x0000000017809cbc       0x70 common/built-in.o
                0x0000000017809cbc                fdt_find_and_setprop
 .text.fdt_find_or_add_subnode
                0x0000000017809d2c       0x68 common/built-in.o
                0x0000000017809d2c                fdt_find_or_add_subnode
 .text.fdt_initrd
                0x0000000017809d94      0x1d0 common/built-in.o
                0x0000000017809d94                fdt_initrd
 .text.fdt_chosen
                0x0000000017809f64       0xa8 common/built-in.o
                0x0000000017809f64                fdt_chosen
 .text.do_fixup_by_path
                0x000000001780a00c       0x54 common/built-in.o
                0x000000001780a00c                do_fixup_by_path
 .text.fdt_fixup_memory_banks
                0x000000001780a060      0x1a4 common/built-in.o
                0x000000001780a060                fdt_fixup_memory_banks
 .text.fdt_fixup_memory
                0x000000001780a204       0x20 common/built-in.o
                0x000000001780a204                fdt_fixup_memory
 .text.fdt_fixup_ethernet
                0x000000001780a224      0x158 common/built-in.o
                0x000000001780a224                fdt_fixup_ethernet
 .text.fdt_shrink_to_minimum
                0x000000001780a37c       0xcc common/built-in.o
                0x000000001780a37c                fdt_shrink_to_minimum
 .text.do_flinfo
                0x000000001780a448        0x8 common/built-in.o
 .text.do_flerase
                0x000000001780a450        0x8 common/built-in.o
 .text.do_protect
                0x000000001780a458       0x10 common/built-in.o
 .text.strtou32
                0x000000001780a468       0x48 common/built-in.o
 .text.do_fuse  0x000000001780a4b0      0x360 common/built-in.o
 .text.do_i2c   0x000000001780a810       0x64 common/built-in.o
 .text.do_i2c_reset
                0x000000001780a874       0x30 common/built-in.o
 .text.do_i2c_probe
                0x000000001780a8a4       0x9c common/built-in.o
 .text.do_i2c_bus_num
                0x000000001780a940       0xb8 common/built-in.o
 .text.do_i2c_bus_speed
                0x000000001780a9f8       0x74 common/built-in.o
 .text.do_i2c_show_bus
                0x000000001780aa6c       0xd8 common/built-in.o
 .text.get_alen.constprop.5
                0x000000001780ab44       0x3c common/built-in.o
 .text.do_i2c_crc
                0x000000001780ab80      0x124 common/built-in.o
 .text.do_i2c_read
                0x000000001780aca4       0xbc common/built-in.o
 .text.do_i2c_md
                0x000000001780ad60      0x1e8 common/built-in.o
 .text.do_i2c_mw
                0x000000001780af48      0x100 common/built-in.o
 .text.do_i2c_write
                0x000000001780b048      0x14c common/built-in.o
 .text.mod_i2c_mem.isra.4
                0x000000001780b194      0x208 common/built-in.o
 .text.do_i2c_nm
                0x000000001780b39c        0x8 common/built-in.o
 .text.do_i2c_mm
                0x000000001780b3a4        0x8 common/built-in.o
 .text.do_i2c_loop
                0x000000001780b3ac       0xe4 common/built-in.o
 .text.i2c_init_board
                0x000000001780b490        0x4 common/built-in.o
                0x000000001780b490                i2c_init_board
 .text.evalexp  0x000000001780b494       0x74 common/built-in.o
 .text.evalstr  0x000000001780b508       0x6c common/built-in.o
 .text.binary_test
                0x000000001780b574      0x1b0 common/built-in.o
 .text.do_itest
                0x000000001780b724       0x98 common/built-in.o
 .text.bin_data_init
                0x000000001780b7bc       0x2c common/built-in.o
 .text.k_data_save
                0x000000001780b7e8       0x4c common/built-in.o
 .text.k_data_restore
                0x000000001780b834       0x4c common/built-in.o
 .text.getcxmodem
                0x000000001780b880       0x20 common/built-in.o
 .text.load_serial_ymodem
                0x000000001780b8a0       0xcc common/built-in.o
 .text.bin_data_char
                0x000000001780b96c       0x2c common/built-in.o
 .text.chk1.constprop.1
                0x000000001780b998       0x2c common/built-in.o
 .text.s1_sendpacket.constprop.2
                0x000000001780b9c4       0x50 common/built-in.o
 .text.load_serial
                0x000000001780ba14      0x1e0 common/built-in.o
 .text.do_load_serial
                0x000000001780bbf4       0xdc common/built-in.o
 .text.do_load_serial_bin
                0x000000001780bcd0      0x7b0 common/built-in.o
 .text.do_mem_mw
                0x000000001780c480       0xc0 common/built-in.o
 .text.do_mem_loop
                0x000000001780c540       0xec common/built-in.o
 .text.do_mem_md
                0x000000001780c62c       0xec common/built-in.o
 .text.do_mem_cmp
                0x000000001780c718      0x16c common/built-in.o
 .text.do_mem_base
                0x000000001780c884       0x40 common/built-in.o
 .text.do_mem_cp
                0x000000001780c8c4       0xd8 common/built-in.o
 .text.do_mem_crc
                0x000000001780c99c       0x48 common/built-in.o
 .text.do_mem_mtest
                0x000000001780c9e4      0x204 common/built-in.o
 .text.mod_mem.isra.2
                0x000000001780cbe8      0x164 common/built-in.o
 .text.do_mem_mm
                0x000000001780cd4c        0x8 common/built-in.o
 .text.do_mem_nm
                0x000000001780cd54        0x8 common/built-in.o
 .text.miiphy_get_dev_by_name
                0x000000001780cd5c       0x60 common/built-in.o
                0x000000001780cd5c                miiphy_get_dev_by_name
 .text.miiphy_init
                0x000000001780cdbc       0x24 common/built-in.o
                0x000000001780cdbc                miiphy_init
 .text.mdio_alloc
                0x000000001780cde0       0x30 common/built-in.o
                0x000000001780cde0                mdio_alloc
 .text.mdio_register
                0x000000001780ce10       0xa0 common/built-in.o
                0x000000001780ce10                mdio_register
 .text.mdio_list_devices
                0x000000001780ceb0       0x98 common/built-in.o
                0x000000001780ceb0                mdio_list_devices
 .text.miiphy_set_current_dev
                0x000000001780cf48       0x40 common/built-in.o
                0x000000001780cf48                miiphy_set_current_dev
 .text.miiphy_get_active_dev
                0x000000001780cf88       0x54 common/built-in.o
 .text.mdio_get_current_dev
                0x000000001780cfdc       0x10 common/built-in.o
                0x000000001780cfdc                mdio_get_current_dev
 .text.mdio_phydev_for_ethname
                0x000000001780cfec       0x88 common/built-in.o
                0x000000001780cfec                mdio_phydev_for_ethname
 .text.miiphy_get_current_dev
                0x000000001780d074       0x18 common/built-in.o
                0x000000001780d074                miiphy_get_current_dev
 .text.miiphy_read
                0x000000001780d08c       0x4c common/built-in.o
                0x000000001780d08c                miiphy_read
 .text.miiphy_write
                0x000000001780d0d8       0x40 common/built-in.o
                0x000000001780d0d8                miiphy_write
 .text.miiphy_listdev
                0x000000001780d118       0x74 common/built-in.o
                0x000000001780d118                miiphy_listdev
 .text.miiphy_info
                0x000000001780d18c       0x88 common/built-in.o
                0x000000001780d18c                miiphy_info
 .text.miiphy_speed
                0x000000001780d214       0x94 common/built-in.o
                0x000000001780d214                miiphy_speed
 .text.miiphy_duplex
                0x000000001780d2a8       0x94 common/built-in.o
                0x000000001780d2a8                miiphy_duplex
 .text.miiphy_is_1000base_x
                0x000000001780d33c        0x8 common/built-in.o
                0x000000001780d33c                miiphy_is_1000base_x
 .text.extract_range
                0x000000001780d344       0xe4 common/built-in.o
 .text.do_mii   0x000000001780d428      0x7a4 common/built-in.o
 .text.do_mdio  0x000000001780dbcc      0x4b8 common/built-in.o
 .text.do_sleep
                0x000000001780e084       0x70 common/built-in.o
 .text.do_mmcops
                0x000000001780e0f4       0xb4 common/built-in.o
 .text.init_mmc_device
                0x000000001780e1a8       0x54 common/built-in.o
 .text.do_mmc_rescan
                0x000000001780e1fc       0x24 common/built-in.o
 .text.do_mmc_rst_func
                0x000000001780e220       0xa0 common/built-in.o
 .text.do_mmc_partconf
                0x000000001780e2c0       0xb4 common/built-in.o
 .text.do_mmc_boot_resize
                0x000000001780e374       0xcc common/built-in.o
 .text.do_mmc_bootbus
                0x000000001780e440       0xb4 common/built-in.o
 .text.do_mmc_hwpartition
                0x000000001780e4f4      0x51c common/built-in.o
 .text.do_mmc_list
                0x000000001780ea10       0x14 common/built-in.o
 .text.do_mmc_dev
                0x000000001780ea24      0x134 common/built-in.o
 .text.do_mmc_part
                0x000000001780eb58       0x5c common/built-in.o
 .text.do_mmc_erase
                0x000000001780ebb4       0xe8 common/built-in.o
 .text.do_mmc_write
                0x000000001780ec9c      0x100 common/built-in.o
 .text.do_mmc_read
                0x000000001780ed9c       0xec common/built-in.o
 .text.do_mmcinfo
                0x000000001780ee88      0x370 common/built-in.o
 .text.do_mmc_setdsr
                0x000000001780f1f8       0xb0 common/built-in.o
 .text.cpu_cmd  0x000000001780f2a8      0x110 common/built-in.o
 .text.netboot_common
                0x000000001780f3b8      0x294 common/built-in.o
 .text.do_bootp
                0x000000001780f64c        0xc common/built-in.o
 .text.do_dhcp  0x000000001780f658        0xc common/built-in.o
 .text.do_nfs   0x000000001780f664        0xc common/built-in.o
 .text.do_tftpb
                0x000000001780f670       0x40 common/built-in.o
                0x000000001780f670                do_tftpb
 .text.do_ping  0x000000001780f6b0       0x7c common/built-in.o
 .text.get_arg  0x000000001780f72c       0x58 common/built-in.o
 .text.do_setexpr
                0x000000001780f784      0x140 common/built-in.o
 .text.do_false
                0x000000001780f8c4        0x8 common/built-in.o
 .text.do_true  0x000000001780f8cc        0x8 common/built-in.o
 .text.do_test  0x000000001780f8d4      0x33c common/built-in.o
 .text.usb_get_class_desc
                0x000000001780fc10       0xbc common/built-in.o
 .text.usb_display_class_sub
                0x000000001780fccc      0x170 common/built-in.o
 .text.usb_find_device
                0x000000001780fe3c       0x3c common/built-in.o
 .text.usb_show_tree_graph
                0x000000001780fe78      0x21c common/built-in.o
 .text.usb_display_string
                0x0000000017810094       0x44 common/built-in.o
 .text.usb_display_config
                0x00000000178100d8      0x20c common/built-in.o
 .text.do_usbboot
                0x00000000178102e4        0xc common/built-in.o
 .text.do_usb_start
                0x00000000178102f0       0x44 common/built-in.o
 .text.usb_display_desc.part.3
                0x0000000017810334      0x12c common/built-in.o
 .text.do_usb   0x0000000017810460      0x780 common/built-in.o
 .text.usb_set_maxpacket_ep
                0x0000000017810be0       0x70 common/built-in.o
 .text.usb_stop
                0x0000000017810c50       0x64 common/built-in.o
                0x0000000017810c50                usb_stop
 .text.usb_disable_asynch
                0x0000000017810cb4       0x20 common/built-in.o
                0x0000000017810cb4                usb_disable_asynch
 .text.usb_control_msg
                0x0000000017810cd4       0xc4 common/built-in.o
                0x0000000017810cd4                usb_control_msg
 .text.usb_get_descriptor
                0x0000000017810d98       0x50 common/built-in.o
 .text.usb_get_string
                0x0000000017810de8       0x6c common/built-in.o
 .text.usb_string_sub
                0x0000000017810e54      0x108 common/built-in.o
 .text.usb_bulk_msg
                0x0000000017810f5c       0x74 common/built-in.o
                0x0000000017810f5c                usb_bulk_msg
 .text.usb_maxpacket
                0x0000000017810fd0       0x1c common/built-in.o
                0x0000000017810fd0                usb_maxpacket
 .text.usb_clear_halt
                0x0000000017810fec       0x8c common/built-in.o
                0x0000000017810fec                usb_clear_halt
 .text.usb_get_configuration_no
                0x0000000017811078       0xbc common/built-in.o
                0x0000000017811078                usb_get_configuration_no
 .text.usb_set_interface
                0x0000000017811134       0xa8 common/built-in.o
                0x0000000017811134                usb_set_interface
 .text.usb_string
                0x00000000178111dc      0x100 common/built-in.o
                0x00000000178111dc                usb_string
 .text.usb_get_dev_index
                0x00000000178112dc       0x24 common/built-in.o
                0x00000000178112dc                usb_get_dev_index
 .text.usb_alloc_new_device
                0x0000000017811300       0x94 common/built-in.o
                0x0000000017811300                usb_alloc_new_device
 .text.usb_free_device
                0x0000000017811394       0x48 common/built-in.o
                0x0000000017811394                usb_free_device
 .text.usb_alloc_device
                0x00000000178113dc        0x8 common/built-in.o
                0x00000000178113dc                usb_alloc_device
 .text.usb_new_device
                0x00000000178113e4      0x5c8 common/built-in.o
                0x00000000178113e4                usb_new_device
 .text.usb_init
                0x00000000178119ac      0x12c common/built-in.o
                0x00000000178119ac                usb_init
 .text.usb_set_port_feature
                0x0000000017811ad8       0x4c common/built-in.o
 .text.usb_hub_power_on
                0x0000000017811b24       0x44 common/built-in.o
 .text.usb_get_port_status
                0x0000000017811b68       0x4c common/built-in.o
 .text.usb_clear_port_feature
                0x0000000017811bb4       0x4c common/built-in.o
 .text.usb_get_hub_descriptor
                0x0000000017811c00       0x50 common/built-in.o
 .text.usb_hub_reset_devices
                0x0000000017811c50        0x4 common/built-in.o
                0x0000000017811c50                usb_hub_reset_devices
 .text.usb_hub_reset
                0x0000000017811c54       0x14 common/built-in.o
                0x0000000017811c54                usb_hub_reset
 .text.hub_port_reset
                0x0000000017811c68       0x98 common/built-in.o
                0x0000000017811c68                hub_port_reset
 .text.usb_hub_port_connect_change
                0x0000000017811d00      0x120 common/built-in.o
                0x0000000017811d00                usb_hub_port_connect_change
 .text.usb_hub_configure
                0x0000000017811e20      0x2d8 common/built-in.o
 .text.usb_hub_probe
                0x00000000178120f8       0x58 common/built-in.o
                0x00000000178120f8                usb_hub_probe
 .text.usb_stor_irq
                0x0000000017812150       0x1c common/built-in.o
 .text.usb_stor_BBB_reset
                0x000000001781216c       0xd0 common/built-in.o
 .text.usb_stor_CB_reset
                0x000000001781223c       0xcc common/built-in.o
 .text.usb_stor_BBB_clear_endpt_stall.isra.2
                0x0000000017812308       0x40 common/built-in.o
 .text.usb_stor_BBB_transport
                0x0000000017812348      0x26c common/built-in.o
 .text.usb_stor_CB_comdat
                0x00000000178125b4      0x208 common/built-in.o
 .text.usb_stor_CBI_get_status.isra.4
                0x00000000178127bc       0xc8 common/built-in.o
 .text.usb_stor_CB_transport
                0x0000000017812884      0x228 common/built-in.o
 .text.usb_request_sense.constprop.10
                0x0000000017812aac       0x70 common/built-in.o
 .text.usb_stor_write
                0x0000000017812b1c      0x1cc common/built-in.o
                0x0000000017812b1c                usb_stor_write
 .text.usb_stor_read
                0x0000000017812ce8      0x1cc common/built-in.o
                0x0000000017812ce8                usb_stor_read
 .text.usb_stor_get_dev
                0x0000000017812eb4       0x28 common/built-in.o
                0x0000000017812eb4                usb_stor_get_dev
 .text.usb_stor_info
                0x0000000017812edc       0x74 common/built-in.o
                0x0000000017812edc                usb_stor_info
 .text.usb_storage_probe
                0x0000000017812f50      0x208 common/built-in.o
                0x0000000017812f50                usb_storage_probe
 .text.usb_stor_get_info
                0x0000000017813158      0x324 common/built-in.o
                0x0000000017813158                usb_stor_get_info
 .text.usb_stor_scan
                0x000000001781347c      0x200 common/built-in.o
                0x000000001781347c                usb_stor_scan
 .text.do_imgextract
                0x000000001781367c      0x28c common/built-in.o
 .text.splash_screen_prepare
                0x0000000017813908        0x8 common/built-in.o
                0x0000000017813908                splash_screen_prepare
 .text.splash_get_pos
                0x0000000017813910       0x84 common/built-in.o
                0x0000000017813910                splash_get_pos
 .text.do_env_delete
                0x0000000017813994       0x9c common/built-in.o
 .text.do_env_exists
                0x0000000017813a30       0x64 common/built-in.o
 .text.do_env_save
                0x0000000017813a94       0x2c common/built-in.o
 .text.do_env   0x0000000017813ac0       0x64 common/built-in.o
 .text.env_print
                0x0000000017813b24       0xc0 common/built-in.o
 .text.do_env_print
                0x0000000017813be4       0xc4 common/built-in.o
 .text.do_env_import
                0x0000000017813ca8      0x28c common/built-in.o
 .text.do_env_default
                0x0000000017813f34       0xa8 common/built-in.o
 .text._do_env_set.isra.1
                0x0000000017813fdc      0x1b8 common/built-in.o
 .text.do_env_set
                0x0000000017814194       0x1c common/built-in.o
 .text.get_env_id
                0x00000000178141b0       0x10 common/built-in.o
                0x00000000178141b0                get_env_id
 .text.setenv   0x00000000178141c0       0x58 common/built-in.o
                0x00000000178141c0                setenv
 .text.setenv_ulong
                0x0000000017814218       0x20 common/built-in.o
                0x0000000017814218                setenv_ulong
 .text.setenv_hex
                0x0000000017814238       0x34 common/built-in.o
                0x0000000017814238                setenv_hex
 .text.do_env_export
                0x000000001781426c      0x260 common/built-in.o
 .text.envmatch
                0x00000000178144cc       0x6c common/built-in.o
                0x00000000178144cc                envmatch
 .text.getenv_f
                0x0000000017814538       0xc0 common/built-in.o
                0x0000000017814538                getenv_f
 .text.getenv   0x00000000178145f8       0x78 common/built-in.o
                0x00000000178145f8                getenv
 .text.getenv_hex
                0x0000000017814670       0x3c common/built-in.o
                0x0000000017814670                getenv_hex
 .text.getenv_ulong
                0x00000000178146ac       0x30 common/built-in.o
                0x00000000178146ac                getenv_ulong
 .text.do_env_edit
                0x00000000178146dc       0x78 common/built-in.o
 .text.env_get_char_spec
                0x0000000017814754        0xc common/built-in.o
                0x0000000017814754                env_get_char_spec
 .text.env_get_addr
                0x0000000017814760       0x20 common/built-in.o
                0x0000000017814760                env_get_addr
 .text.env_get_char_memory
                0x0000000017814780       0x10 common/built-in.o
                0x0000000017814780                env_get_char_memory
 .text.env_get_char
                0x0000000017814790       0x30 common/built-in.o
                0x0000000017814790                env_get_char
 .text.getenv_yesno
                0x00000000178147c0       0x40 common/built-in.o
                0x00000000178147c0                getenv_yesno
 .text.getenv_default
                0x0000000017814800       0x30 common/built-in.o
                0x0000000017814800                getenv_default
 .text.set_default_env
                0x0000000017814830       0xc0 common/built-in.o
                0x0000000017814830                set_default_env
 .text.set_default_vars
                0x00000000178148f0       0x3c common/built-in.o
                0x00000000178148f0                set_default_vars
 .text.env_import
                0x000000001781492c       0xe0 common/built-in.o
                0x000000001781492c                env_import
 .text.env_export
                0x0000000017814a0c       0xa0 common/built-in.o
                0x0000000017814a0c                env_export
 .text.env_relocate
                0x0000000017814aac       0x30 common/built-in.o
                0x0000000017814aac                env_relocate
 .text.env_complete
                0x0000000017814adc       0xdc common/built-in.o
                0x0000000017814adc                env_complete
 .text.console_setfile
                0x0000000017814bb8       0xc0 common/built-in.o
 .text.serial_printf
                0x0000000017814c78       0x4c common/built-in.o
                0x0000000017814c78                serial_printf
 .text.puts     0x0000000017814cc4       0x34 common/built-in.o
                0x0000000017814cc4                puts
 .text.printf   0x0000000017814cf8       0x58 common/built-in.o
                0x0000000017814cf8                printf
 .text.putc     0x0000000017814d50       0x34 common/built-in.o
                0x0000000017814d50                putc
 .text.fgetc    0x0000000017814d84       0x24 common/built-in.o
                0x0000000017814d84                fgetc
 .text.getc     0x0000000017814da8       0x24 common/built-in.o
                0x0000000017814da8                getc
 .text.ftstc    0x0000000017814dcc       0x24 common/built-in.o
                0x0000000017814dcc                ftstc
 .text.tstc     0x0000000017814df0       0x24 common/built-in.o
                0x0000000017814df0                tstc
 .text.vprintf  0x0000000017814e14       0x3c common/built-in.o
                0x0000000017814e14                vprintf
 .text.ctrlc    0x0000000017814e50       0x58 common/built-in.o
                0x0000000017814e50                ctrlc
 .text.confirm_yesno
                0x0000000017814ea8       0xd4 common/built-in.o
                0x0000000017814ea8                confirm_yesno
 .text.had_ctrlc
                0x0000000017814f7c       0x10 common/built-in.o
                0x0000000017814f7c                had_ctrlc
 .text.clear_ctrlc
                0x0000000017814f8c       0x14 common/built-in.o
                0x0000000017814f8c                clear_ctrlc
 .text.search_device
                0x0000000017814fa0       0x28 common/built-in.o
                0x0000000017814fa0                search_device
 .text.console_assign
                0x0000000017814fc8       0x48 common/built-in.o
                0x0000000017814fc8                console_assign
 .text.on_console
                0x0000000017815010       0xc0 common/built-in.o
 .text.console_init_f
                0x00000000178150d0       0x10 common/built-in.o
                0x00000000178150d0                console_init_f
 .text.stdio_print_current_devices
                0x00000000178150e0       0xb0 common/built-in.o
                0x00000000178150e0                stdio_print_current_devices
 .text.console_init_r
                0x0000000017815190      0x194 common/built-in.o
                0x0000000017815190                console_init_r
 .text.sbrk     0x0000000017815324       0x70 common/built-in.o
                0x0000000017815324                sbrk
 .text.mem_malloc_init
                0x0000000017815394       0x34 common/built-in.o
                0x0000000017815394                mem_malloc_init
 .text.malloc_trim
                0x00000000178153c8       0xcc common/built-in.o
                0x00000000178153c8                malloc_trim
 .text.free     0x0000000017815494      0x248 common/built-in.o
                0x0000000017815494                free
 .text.malloc   0x00000000178156dc      0x62c common/built-in.o
                0x00000000178156dc                malloc
 .text.calloc   0x0000000017815d08      0x148 common/built-in.o
                0x0000000017815d08                calloc
 .text.realloc  0x0000000017815e50      0x4d8 common/built-in.o
                0x0000000017815e50                realloc
 .text.memalign
                0x0000000017816328      0x10c common/built-in.o
                0x0000000017816328                memalign
 .text.malloc_simple
                0x0000000017816434       0x30 common/built-in.o
                0x0000000017816434                malloc_simple
 .text.on_loadaddr
                0x0000000017816464       0x38 common/built-in.o
 .text.image_check_hcrc
                0x000000001781649c       0x4c common/built-in.o
                0x000000001781649c                image_check_hcrc
 .text.image_check_dcrc
                0x00000000178164e8       0x38 common/built-in.o
                0x00000000178164e8                image_check_dcrc
 .text.image_multi_count
                0x0000000017816520       0x1c common/built-in.o
                0x0000000017816520                image_multi_count
 .text.image_multi_getimg
                0x000000001781653c       0x80 common/built-in.o
                0x000000001781653c                image_multi_getimg
 .text.getenv_bootm_low
                0x00000000178165bc       0x30 common/built-in.o
                0x00000000178165bc                getenv_bootm_low
 .text.getenv_bootm_size
                0x00000000178165ec       0x5c common/built-in.o
                0x00000000178165ec                getenv_bootm_size
 .text.getenv_bootm_mapsize
                0x0000000017816648       0x30 common/built-in.o
                0x0000000017816648                getenv_bootm_mapsize
 .text.memmove_wd
                0x0000000017816678        0xc common/built-in.o
                0x0000000017816678                memmove_wd
 .text.genimg_print_size
                0x0000000017816684       0x30 common/built-in.o
                0x0000000017816684                genimg_print_size
 .text.get_table_entry_name
                0x00000000178166b4       0x2c common/built-in.o
                0x00000000178166b4                get_table_entry_name
 .text.genimg_get_os_name
                0x00000000178166e0       0x18 common/built-in.o
                0x00000000178166e0                genimg_get_os_name
 .text.genimg_get_arch_name
                0x00000000178166f8       0x18 common/built-in.o
                0x00000000178166f8                genimg_get_arch_name
 .text.genimg_get_type_name
                0x0000000017816710       0x18 common/built-in.o
                0x0000000017816710                genimg_get_type_name
 .text.genimg_get_comp_name
                0x0000000017816728       0x18 common/built-in.o
                0x0000000017816728                genimg_get_comp_name
 .text.image_print_contents
                0x0000000017816740      0x174 common/built-in.o
                0x0000000017816740                image_print_contents
 .text.genimg_get_kernel_addr_fit
                0x00000000178168b4       0x24 common/built-in.o
                0x00000000178168b4                genimg_get_kernel_addr_fit
 .text.genimg_get_format
                0x00000000178168d8       0x34 common/built-in.o
                0x00000000178168d8                genimg_get_format
 .text.genimg_get_image
                0x000000001781690c        0x4 common/built-in.o
                0x000000001781690c                genimg_get_image
 .text.genimg_has_config
                0x0000000017816910        0x8 common/built-in.o
                0x0000000017816910                genimg_has_config
 .text.boot_get_ramdisk
                0x0000000017816918      0x238 common/built-in.o
                0x0000000017816918                boot_get_ramdisk
 .text.boot_ramdisk_high
                0x0000000017816b50      0x13c common/built-in.o
                0x0000000017816b50                boot_ramdisk_high
 .text.boot_get_setup
                0x0000000017816c8c        0x8 common/built-in.o
                0x0000000017816c8c                boot_get_setup
 .text.image_setup_linux
                0x0000000017816c94       0x8c common/built-in.o
                0x0000000017816c94                image_setup_linux
 .text.fdt_error
                0x0000000017816d20       0x2c common/built-in.o
 .text.boot_fdt_add_mem_rsv_regions
                0x0000000017816d4c       0x88 common/built-in.o
                0x0000000017816d4c                boot_fdt_add_mem_rsv_regions
 .text.boot_relocate_fdt
                0x0000000017816dd4      0x194 common/built-in.o
                0x0000000017816dd4                boot_relocate_fdt
 .text.boot_get_fdt
                0x0000000017816f68      0x2ac common/built-in.o
                0x0000000017816f68                boot_get_fdt
 .text.ft_verify_fdt
                0x0000000017817214        0x8 common/built-in.o
                0x0000000017817214                ft_verify_fdt
 .text.image_setup_libfdt
                0x000000001781721c       0xe8 common/built-in.o
                0x000000001781721c                image_setup_libfdt
 .text.get_effective_memsize
                0x0000000017817304        0x8 common/built-in.o
                0x0000000017817304                get_effective_memsize
 .text.nulldev_putc
                0x000000001781730c        0x4 common/built-in.o
 .text.nulldev_puts
                0x0000000017817310        0x4 common/built-in.o
 .text.nulldev_input
                0x0000000017817314        0x8 common/built-in.o
 .text.stdio_serial_tstc
                0x000000001781731c        0x4 common/built-in.o
 .text.stdio_serial_getc
                0x0000000017817320        0x4 common/built-in.o
 .text.stdio_serial_puts
                0x0000000017817324        0x8 common/built-in.o
 .text.stdio_serial_putc
                0x000000001781732c        0x8 common/built-in.o
 .text.stdio_get_list
                0x0000000017817334        0xc common/built-in.o
                0x0000000017817334                stdio_get_list
 .text.stdio_get_by_name
                0x0000000017817340       0x5c common/built-in.o
                0x0000000017817340                stdio_get_by_name
 .text.stdio_clone
                0x000000001781739c       0x38 common/built-in.o
                0x000000001781739c                stdio_clone
 .text.stdio_register_dev
                0x00000000178173d4       0x50 common/built-in.o
                0x00000000178173d4                stdio_register_dev
 .text.stdio_register
                0x0000000017817424        0x8 common/built-in.o
                0x0000000017817424                stdio_register
 .text.stdio_init_tables
                0x000000001781742c       0x1c common/built-in.o
                0x000000001781742c                stdio_init_tables
 .text.stdio_add_devices
                0x0000000017817448       0xd4 common/built-in.o
                0x0000000017817448                stdio_add_devices
 .text.run_command
                0x000000001781751c       0x10 common/built-in.o
                0x000000001781751c                run_command
 .text.run_command_list
                0x000000001781752c       0x5c common/built-in.o
                0x000000001781752c                run_command_list
 .text.do_run   0x0000000017817588       0x78 common/built-in.o
                0x0000000017817588                do_run
 .text.cli_loop
                0x0000000017817600        0xc common/built-in.o
                0x0000000017817600                cli_loop
 .text.cli_init
                0x000000001781760c        0x4 common/built-in.o
                0x000000001781760c                cli_init
 .text.delete_char.part.0
                0x0000000017817610       0xd0 common/built-in.o
 .text.cread_add_char
                0x00000000178176e0       0xe8 common/built-in.o
 .text.cli_readline_into_buffer
                0x00000000178177c8      0x9c4 common/built-in.o
                0x00000000178177c8                cli_readline_into_buffer
 .text.cli_readline
                0x000000001781818c       0x14 common/built-in.o
                0x000000001781818c                cli_readline
 .text.find_cmd_tbl
                0x00000000178181a0       0xa4 common/built-in.o
                0x00000000178181a0                find_cmd_tbl
 .text.find_cmd
                0x0000000017818244       0x28 common/built-in.o
                0x0000000017818244                find_cmd
 .text.cmd_usage
                0x000000001781826c       0x5c common/built-in.o
                0x000000001781826c                cmd_usage
 .text._do_help
                0x00000000178182c8      0x180 common/built-in.o
                0x00000000178182c8                _do_help
 .text.var_complete
                0x0000000017818448       0x7c common/built-in.o
                0x0000000017818448                var_complete
 .text.cmd_auto_complete
                0x00000000178184c4      0x4b4 common/built-in.o
                0x00000000178184c4                cmd_auto_complete
 .text.cmd_get_data_size
                0x0000000017818978       0x5c common/built-in.o
                0x0000000017818978                cmd_get_data_size
 .text.cmd_process
                0x00000000178189d4       0xf4 common/built-in.o
                0x00000000178189d4                cmd_process
 .text.cmd_process_error
                0x0000000017818ac8       0x34 common/built-in.o
                0x0000000017818ac8                cmd_process_error
 .text.hex1_bin
                0x0000000017818afc       0x40 common/built-in.o
 .text.hex2_bin
                0x0000000017818b3c       0x38 common/built-in.o
 .text.srec_decode
                0x0000000017818b74      0x254 common/built-in.o
                0x0000000017818b74                srec_decode
 .text.CYGACC_COMM_IF_GETC_TIMEOUT.isra.0
                0x0000000017818dc8       0x5c common/built-in.o
 .text.xyzModem_flush
                0x0000000017818e24       0x1c common/built-in.o
 .text.xyzModem_get_hdr
                0x0000000017818e40      0x230 common/built-in.o
 .text.xyzModem_stream_open
                0x0000000017819070      0x23c common/built-in.o
                0x0000000017819070                xyzModem_stream_open
 .text.xyzModem_stream_read
                0x00000000178192ac      0x258 common/built-in.o
                0x00000000178192ac                xyzModem_stream_read
 .text.xyzModem_stream_close
                0x0000000017819504       0x54 common/built-in.o
                0x0000000017819504                xyzModem_stream_close
 .text.xyzModem_stream_terminate
                0x0000000017819558       0x94 common/built-in.o
                0x0000000017819558                xyzModem_stream_terminate
 .text.xyzModem_error
                0x00000000178195ec       0x20 common/built-in.o
                0x00000000178195ec                xyzModem_error
 .text.common_diskboot
                0x000000001781960c      0x238 common/built-in.o
                0x000000001781960c                common_diskboot
 .text.get_dev_hwpart
                0x0000000017819844       0xb0 disk/built-in.o
 .text.dev_print
                0x00000000178198f4      0x204 disk/built-in.o
                0x00000000178198f4                dev_print
 .text.init_part
                0x0000000017819af8       0x20 disk/built-in.o
                0x0000000017819af8                init_part
 .text.print_part
                0x0000000017819b18       0xf4 disk/built-in.o
                0x0000000017819b18                print_part
 .text.get_partition_info
                0x0000000017819c0c       0x2c disk/built-in.o
                0x0000000017819c0c                get_partition_info
 .text.get_device
                0x0000000017819c38      0x114 disk/built-in.o
                0x0000000017819c38                get_device
 .text.get_device_and_partition
                0x0000000017819d4c      0x440 disk/built-in.o
                0x0000000017819d4c                get_device_and_partition
 .text.test_block_type
                0x000000001781a18c       0x84 disk/built-in.o
 .text.print_partition_extended
                0x000000001781a210      0x278 disk/built-in.o
 .text.get_partition_info_extended.constprop.2
                0x000000001781a488      0x2d4 disk/built-in.o
 .text.test_part_dos
                0x000000001781a75c       0x64 disk/built-in.o
                0x000000001781a75c                test_part_dos
 .text.print_part_dos
                0x000000001781a7c0       0x34 disk/built-in.o
                0x000000001781a7c0                print_part_dos
 .text.get_partition_info_dos
                0x000000001781a7f4       0x20 disk/built-in.o
                0x000000001781a7f4                get_partition_info_dos
 .text.device_bind
                0x000000001781a814      0x268 drivers/built-in.o
                0x000000001781a814                device_bind
 .text.device_bind_by_name
                0x000000001781aa7c       0x5c drivers/built-in.o
                0x000000001781aa7c                device_bind_by_name
 .text.device_probe
                0x000000001781aad8        0x8 drivers/built-in.o
                0x000000001781aad8                device_probe
 .text.device_probe_child
                0x000000001781aae0      0x208 drivers/built-in.o
                0x000000001781aae0                device_probe_child
 .text.dev_get_platdata
                0x000000001781ace8       0x34 drivers/built-in.o
                0x000000001781ace8                dev_get_platdata
 .text.dev_get_priv
                0x000000001781ad1c       0x34 drivers/built-in.o
                0x000000001781ad1c                dev_get_priv
 .text.lists_driver_lookup_name
                0x000000001781ad50       0x4c drivers/built-in.o
                0x000000001781ad50                lists_driver_lookup_name
 .text.lists_uclass_lookup
                0x000000001781ad9c       0x3c drivers/built-in.o
                0x000000001781ad9c                lists_uclass_lookup
 .text.lists_bind_drivers
                0x000000001781add8       0x88 drivers/built-in.o
                0x000000001781add8                lists_bind_drivers
 .text.dm_root  0x000000001781ae60       0x28 drivers/built-in.o
                0x000000001781ae60                dm_root
 .text.dm_init  0x000000001781ae88       0x58 drivers/built-in.o
                0x000000001781ae88                dm_init
 .text.dm_scan_platdata
                0x000000001781aee0       0x2c drivers/built-in.o
                0x000000001781aee0                dm_scan_platdata
 .text.dm_scan_other
                0x000000001781af0c        0x8 drivers/built-in.o
                0x000000001781af0c                dm_scan_other
 .text.dm_init_and_scan
                0x000000001781af14       0x30 drivers/built-in.o
                0x000000001781af14                dm_init_and_scan
 .text.uclass_find
                0x000000001781af44       0x4c drivers/built-in.o
                0x000000001781af44                uclass_find
 .text.uclass_get
                0x000000001781af90      0x134 drivers/built-in.o
                0x000000001781af90                uclass_get
 .text.uclass_find_device
                0x000000001781b0c4       0x68 drivers/built-in.o
                0x000000001781b0c4                uclass_find_device
 .text.uclass_find_device_by_seq
                0x000000001781b12c       0x7c drivers/built-in.o
                0x000000001781b12c                uclass_find_device_by_seq
 .text.uclass_get_device
                0x000000001781b1a8       0x3c drivers/built-in.o
                0x000000001781b1a8                uclass_get_device
 .text.uclass_bind_device
                0x000000001781b1e4       0xa4 drivers/built-in.o
                0x000000001781b1e4                uclass_bind_device
 .text.uclass_unbind_device
                0x000000001781b288       0x50 drivers/built-in.o
                0x000000001781b288                uclass_unbind_device
 .text.uclass_resolve_seq
                0x000000001781b2d8       0xb0 drivers/built-in.o
                0x000000001781b2d8                uclass_resolve_seq
 .text.uclass_pre_probe_child
                0x000000001781b388       0x2c drivers/built-in.o
                0x000000001781b388                uclass_pre_probe_child
 .text.uclass_post_probe_device
                0x000000001781b3b4       0x20 drivers/built-in.o
                0x000000001781b3b4                uclass_post_probe_device
 .text.uclass_pre_remove_device
                0x000000001781b3d4       0x5c drivers/built-in.o
                0x000000001781b3d4                uclass_pre_remove_device
 .text.dm_warn  0x000000001781b430       0x28 drivers/built-in.o
                0x000000001781b430                dm_warn
 .text.device_free
                0x000000001781b458       0x90 drivers/built-in.o
                0x000000001781b458                device_free
 .text.device_remove
                0x000000001781b4e8      0x138 drivers/built-in.o
                0x000000001781b4e8                device_remove
 .text.finish_access
                0x000000001781b620       0x2c drivers/built-in.o
 .text.prepare_access
                0x000000001781b64c       0x8c drivers/built-in.o
 .text.set_timing
                0x000000001781b6d8       0xb8 drivers/built-in.o
 .text.fuse_bank_physical
                0x000000001781b790       0x78 drivers/built-in.o
                0x000000001781b790                fuse_bank_physical
 .text.fuse_read
                0x000000001781b808       0x74 drivers/built-in.o
                0x000000001781b808                fuse_read
 .text.fuse_sense
                0x000000001781b87c       0xac drivers/built-in.o
                0x000000001781b87c                fuse_sense
 .text.fuse_prog
                0x000000001781b928       0xa8 drivers/built-in.o
                0x000000001781b928                fuse_prog
 .text.fuse_override
                0x000000001781b9d0       0x6c drivers/built-in.o
                0x000000001781b9d0                fuse_override
 .text.video_drawchars
                0x000000001781ba3c      0x44c drivers/built-in.o
 .text.draw_bitmap
                0x000000001781be88       0xdc drivers/built-in.o
 .text.console_newline.constprop.1
                0x000000001781bf64       0xe0 drivers/built-in.o
 .text.video_putc
                0x000000001781c044      0x194 drivers/built-in.o
 .text.video_puts
                0x000000001781c1d8       0x7c drivers/built-in.o
 .text.board_cfb_skip
                0x000000001781c254        0x8 drivers/built-in.o
                0x000000001781c254                board_cfb_skip
 .text.video_set_lut
                0x000000001781c25c        0x8 drivers/built-in.o
                0x000000001781c260                video_set_lut
 .text.display_rle8_bitmap
                0x000000001781c264      0x348 drivers/built-in.o
 .text.plot_logo_or_black
                0x000000001781c5ac      0x268 drivers/built-in.o
 .text.do_clrlogo
                0x000000001781c814       0x58 drivers/built-in.o
 .text.video_display_bitmap
                0x000000001781c86c      0x988 drivers/built-in.o
                0x000000001781c86c                video_display_bitmap
 .text.video_clear
                0x000000001781d1f4       0x54 drivers/built-in.o
                0x000000001781d1f4                video_clear
 .text.drv_video_init
                0x000000001781d248      0x448 drivers/built-in.o
                0x000000001781d248                drv_video_init
 .text.mxcfb_map_video_memory
                0x000000001781d690       0x88 drivers/built-in.o
 .text.ipuv3_fb_shutdown
                0x000000001781d718       0x60 drivers/built-in.o
                0x000000001781d718                ipuv3_fb_shutdown
 .text.video_hw_init
                0x000000001781d778      0x5cc drivers/built-in.o
                0x000000001781d778                video_hw_init
 .text.ipuv3_fb_init
                0x000000001781dd44       0x2c drivers/built-in.o
                0x000000001781dd44                ipuv3_fb_init
 .text.clk_ipu_enable
                0x000000001781dd70       0x20 drivers/built-in.o
 .text.clk_ipu_disable
                0x000000001781dd90       0x1c drivers/built-in.o
 .text.clk_ldb_clk_enable
                0x000000001781ddac       0x20 drivers/built-in.o
 .text.clk_ldb_clk_disable
                0x000000001781ddcc       0x1c drivers/built-in.o
 .text.ipu_pixel_clk_enable
                0x000000001781dde8       0x28 drivers/built-in.o
 .text.ipu_pixel_clk_disable
                0x000000001781de10       0x24 drivers/built-in.o
 .text.ipu_pixel_clk_round_rate
                0x000000001781de34      0x118 drivers/built-in.o
 .text.ipu_pixel_clk_set_rate
                0x000000001781df4c       0xe8 drivers/built-in.o
 .text.ipu_pixel_clk_recalc
                0x000000001781e034       0x7c drivers/built-in.o
 .text.ipu_pixel_clk_set_parent
                0x000000001781e0b0       0x84 drivers/built-in.o
 .text.clk_enable
                0x000000001781e134       0x24 drivers/built-in.o
                0x000000001781e134                clk_enable
 .text.clk_disable
                0x000000001781e158       0x30 drivers/built-in.o
                0x000000001781e158                clk_disable
 .text.clk_get_usecount
                0x000000001781e188        0xc drivers/built-in.o
                0x000000001781e188                clk_get_usecount
 .text.clk_get_rate
                0x000000001781e194        0xc drivers/built-in.o
                0x000000001781e194                clk_get_rate
 .text.clk_get_parent
                0x000000001781e1a0        0xc drivers/built-in.o
                0x000000001781e1a0                clk_get_parent
 .text.clk_set_rate
                0x000000001781e1ac       0x24 drivers/built-in.o
                0x000000001781e1ac                clk_set_rate
 .text.clk_round_rate
                0x000000001781e1d0       0x20 drivers/built-in.o
                0x000000001781e1d0                clk_round_rate
 .text.clk_set_parent
                0x000000001781e1f0       0x1c drivers/built-in.o
                0x000000001781e1f0                clk_set_parent
 .text.ipu_probe
                0x000000001781e20c      0x158 drivers/built-in.o
                0x000000001781e20c                ipu_probe
 .text.ipu_dump_registers
                0x000000001781e364        0x4 drivers/built-in.o
                0x000000001781e364                ipu_dump_registers
 .text.ipu_init_channel
                0x000000001781e368      0x1fc drivers/built-in.o
                0x000000001781e368                ipu_init_channel
 .text.ipu_uninit_channel
                0x000000001781e564      0x220 drivers/built-in.o
                0x000000001781e564                ipu_uninit_channel
 .text.ipu_enable_channel
                0x000000001781e784       0xe8 drivers/built-in.o
                0x000000001781e784                ipu_enable_channel
 .text.ipu_clear_buffer_ready
                0x000000001781e86c       0x7c drivers/built-in.o
                0x000000001781e86c                ipu_clear_buffer_ready
 .text.ipu_disable_channel
                0x000000001781e8e8      0x198 drivers/built-in.o
                0x000000001781e8e8                ipu_disable_channel
 .text.bytes_per_pixel
                0x000000001781ea80       0xec drivers/built-in.o
                0x000000001781ea80                bytes_per_pixel
 .text.ipu_init_channel_buffer
                0x000000001781eb6c      0x5c0 drivers/built-in.o
                0x000000001781eb6c                ipu_init_channel_buffer
 .text.format_to_colorspace
                0x000000001781f12c       0xc4 drivers/built-in.o
                0x000000001781f12c                format_to_colorspace
 .text.ipu_dc_map_config
                0x000000001781f1f0       0x70 drivers/built-in.o
 .text.rgb_to_yuv
                0x000000001781f260       0x70 drivers/built-in.o
 .text.ipu_dc_link_event
                0x000000001781f2d0      0x170 drivers/built-in.o
 .text.ipu_dp_csc_setup.isra.0
                0x000000001781f440      0x100 drivers/built-in.o
 .text.ipu_di_sync_config.constprop.3
                0x000000001781f540       0xf0 drivers/built-in.o
 .text.ipu_dmfc_init
                0x000000001781f630      0x158 drivers/built-in.o
                0x000000001781f630                ipu_dmfc_init
 .text.ipu_dmfc_set_wait4eot
                0x000000001781f788      0x130 drivers/built-in.o
                0x000000001781f788                ipu_dmfc_set_wait4eot
 .text.ipu_dp_init
                0x000000001781f8b8      0x1f8 drivers/built-in.o
                0x000000001781f8b8                ipu_dp_init
 .text.ipu_dp_uninit
                0x000000001781fab0       0x7c drivers/built-in.o
                0x000000001781fab0                ipu_dp_uninit
 .text.ipu_dc_init
                0x000000001781fb2c      0x2d0 drivers/built-in.o
                0x000000001781fb2c                ipu_dc_init
 .text.ipu_dc_uninit
                0x000000001781fdfc      0x1b4 drivers/built-in.o
                0x000000001781fdfc                ipu_dc_uninit
 .text.ipu_dp_dc_enable
                0x000000001781ffb0      0x1c4 drivers/built-in.o
                0x000000001781ffb0                ipu_dp_dc_enable
 .text.ipu_dp_dc_disable
                0x0000000017820174      0x31c drivers/built-in.o
                0x0000000017820174                ipu_dp_dc_disable
 .text.ipu_init_dc_mappings
                0x0000000017820490      0x184 drivers/built-in.o
                0x0000000017820490                ipu_init_dc_mappings
 .text.ipu_init_sync_panel
                0x0000000017820614      0x7c4 drivers/built-in.o
                0x0000000017820614                ipu_init_sync_panel
 .text.ipu_disp_set_global_alpha
                0x0000000017820dd8      0x100 drivers/built-in.o
                0x0000000017820dd8                ipu_disp_set_global_alpha
 .text.ipu_disp_set_color_key
                0x0000000017820ed8      0x1a4 drivers/built-in.o
                0x0000000017820ed8                ipu_disp_set_color_key
 .text.reset_cpu
                0x000000001782107c       0x28 drivers/built-in.o
                0x000000001782107c                reset_cpu
 .text.thermal_get_temp
                0x00000000178210a4       0x20 drivers/built-in.o
                0x00000000178210a4                thermal_get_temp
 .text.read_cpu_temperature
                0x00000000178210c4      0x144 drivers/built-in.o
 .text.imx_thermal_get_temp
                0x0000000017821208       0x48 drivers/built-in.o
                0x0000000017821208                imx_thermal_get_temp
 .text.imx_thermal_probe
                0x0000000017821250       0x7c drivers/built-in.o
 .text.gpio_set_value
                0x00000000178212cc       0x44 drivers/gpio/built-in.o
                0x00000000178212cc                gpio_set_value
 .text.gpio_get_value
                0x0000000017821310       0x34 drivers/gpio/built-in.o
                0x0000000017821310                gpio_get_value
 .text.gpio_request
                0x0000000017821344       0x10 drivers/gpio/built-in.o
                0x0000000017821344                gpio_request
 .text.gpio_free
                0x0000000017821354        0x8 drivers/gpio/built-in.o
                0x0000000017821354                gpio_free
 .text.gpio_direction_input
                0x000000001782135c       0x3c drivers/gpio/built-in.o
                0x000000001782135c                gpio_direction_input
 .text.gpio_direction_output
                0x0000000017821398       0x50 drivers/gpio/built-in.o
                0x0000000017821398                gpio_direction_output
 .text.i2c_get_adapter
                0x00000000178213e8       0x64 drivers/i2c/built-in.o
                0x00000000178213e8                i2c_get_adapter
 .text.i2c_init_bus
                0x000000001782144c       0x90 drivers/i2c/built-in.o
 .text.i2c_get_bus_num
                0x00000000178214dc        0x8 drivers/i2c/built-in.o
                0x00000000178214dc                i2c_get_bus_num
 .text.i2c_set_bus_num
                0x00000000178214e4       0xbc drivers/i2c/built-in.o
                0x00000000178214e4                i2c_set_bus_num
 .text.i2c_init_all
                0x00000000178215a0       0x14 drivers/i2c/built-in.o
                0x00000000178215a0                i2c_init_all
 .text.i2c_probe
                0x00000000178215b4       0x2c drivers/i2c/built-in.o
                0x00000000178215b4                i2c_probe
 .text.i2c_read
                0x00000000178215e0       0x4c drivers/i2c/built-in.o
                0x00000000178215e0                i2c_read
 .text.i2c_write
                0x000000001782162c       0x4c drivers/i2c/built-in.o
                0x000000001782162c                i2c_write
 .text.i2c_set_bus_speed
                0x0000000017821678       0x64 drivers/i2c/built-in.o
                0x0000000017821678                i2c_set_bus_speed
 .text.i2c_get_bus_speed
                0x00000000178216dc       0x14 drivers/i2c/built-in.o
                0x00000000178216dc                i2c_get_bus_speed
 .text.i2c_init